[bold-industry-368054.framer.app/index.html]
[backblue.gif]
[fade.gif]
[index.html]
[bold-industry-368054.framer.app/contact.html]
[framerusercontent.com/images/0qIsDZteeSIg87m7dCkA3YcIVo90ee.png]
[bold-industry-368054.framer.app/projects/mathew-combany-branding.html]
[framerusercontent.com/images/jJ7iXw4DvAMgulhCvEedvyNESw.png]
[bold-industry-368054.framer.app/projects/hinobe-agency-branding.html]
[framerusercontent.com/images/yfzBZc6F0VBzvzZKKzd9FBXIRas.png]
[framerusercontent.com/images/JmP3L3tgMpB8WTmZMk2np846IE.png]
[bold-industry-368054.framer.app/projects/krea-klock-branding.html]
[framerusercontent.com/images/EEcAA0V4RQNaUWUhzqV5FGyUZwc65e.png]
[framerusercontent.com/images/CwlFIVIjFiPgnPQu3qP11bGdU17f5.png]
[framerusercontent.com/images/MehyVjaLFfsqGQoYGoYN5ZHzFVY.png]
[framerusercontent.com/images/thaHTbpN2t2znP1B0JjxtgLthwk.png]
[framerusercontent.com/images/3MMvee5wcDEXLHUoHrGEnWB1Pcw.png]
[framerusercontent.com/images/J6HxuzNl9j4msH8SwYL863BXXwef6d.png]
[framerusercontent.com/images/jHjL1rQ9pktWsplSgOv4YXK3y4ef6d.png]
[framerusercontent.com/images/AKmU57sVJjrpPRn4zp5C3RBvQAef6d.png]
[framerusercontent.com/images/37wJKFJR1TW61jxtMlzTdqgFLyI90ee.png]
[framerusercontent.com/images/JdtJuu3IfQsw6nQn3ibMDG0MMsg.png]
[framerusercontent.com/images/AQ1ezAyKGnB9caNB9yklh3mq2g.png]
[framerusercontent.com/images/w8ygMlyldqphK8nafPR6c9xu88.png]
[framerusercontent.com/images/AYhusGaebFr5fArzP3Cok23tAjw90ee.png]
[bold-industry-368054.framer.app/services.html]
[bold-industry-368054.framer.app/projects.html]
[bold-industry-368054.framer.app/pricing.html]
[bold-industry-368054.framer.app/index.html]
[bold-industry-368054.framer.app/privacy-policy.html]
[framerusercontent.com/images/zaPmdMjeXoYyAcKV3NxwxOYGmvA.png]
[framerusercontent.com/images/1pQGyUJNnO3GJFYhghtqv594ZIk6115.png]
[bold-industry-368054.framer.app/contact.html]
[framerusercontent.com/images/pQ8bwgYsPmt4QLjGgK8FzOUQQ.png]
[framerusercontent.com/images/CQQ8vgjHt07lRJzBFzQxneMLrA.png]
[framerusercontent.com/images/ap8ZaGYdZcDzr6nu845IMFaV50.png]
[bold-industry-368054.framer.app/projects/mathew-combany-branding.html]
[framerusercontent.com/images/B2ezwFQm75uxN1nFJwykVl3ep8.png]
[framerusercontent.com/images/tvzhAfGizQl6A22uxW90feTIDY.png]
[bold-industry-368054.framer.app/projects/hinobe-agency-branding.html]
[framerusercontent.com/images/smh84Oqop936ajH15SPJsLepjo.png]
[framerusercontent.com/images/fwWNtfH6rfZNptL2ypxiY2LS1I.png]
[bold-industry-368054.framer.app/projects/krea-klock-branding.html]
[framerusercontent.com/images/oVSyxQtlpwFGEgpiJgq7WQ5Xgxo.png]
[bold-industry-368054.framer.app/services.html]
[bold-industry-368054.framer.app/projects/alex-portz-website.html]
[framerusercontent.com/images/35Jfvf9qQn3ApclryjMz6Q7h74.png]
[bold-industry-368054.framer.app/projects.html]
[bold-industry-368054.framer.app/pricing.html]
[bold-industry-368054.framer.app/privacy-policy.html]
[framerusercontent.com/images/r8e2d7Vp20gJDeF6GiIFzjKy4.png]
[framerusercontent.com/images/k8tHTIhgh17bNVakFwvQSMWsk4.png]
[bold-industry-368054.framer.app/projects/alex-portz-website.html]
